$ pnpm --filter @repo/web build
$ pnpm build:node
$ vite build --config vite.config.node.ts
[1/5] analyze client references...
vite v8.0.12 building rsc environment for production...
[2Ktransforming...✓ 16 modules transformed.
rendering chunks...
✓ built in 40ms
[2/5] analyze server references...
vite v8.0.12 building ssr environment for production...
[2Ktransforming...✓ 494 modules transformed.
rendering chunks...
✓ built in 459ms
[3/5] build rsc environment...
vite v8.0.12 building rsc environment for production...
[2Ktransforming...✓ 441 modules transformed.
rendering chunks...
computing gzip size...
dist/server/rsc/assets/index-VyfyzmJ6.css                     34.33 kB │ gzip:   7.29 kB
dist/server/rsc/assets/fogAccountRuntime-CDsWFSki.js           0.28 kB │ gzip:   0.21 kB
dist/server/rsc/assets/fogDataSchema-Cx2fsk9b.js               0.39 kB │ gzip:   0.25 kB
dist/server/rsc/assets/runtime-D3z5Vobr.js                     0.40 kB │ gzip:   0.24 kB
dist/server/rsc/assets/createServerRpc-DKQSLqH-.js             0.45 kB │ gzip:   0.30 kB
dist/server/rsc/assets/error-FlzvCya5.js                       0.50 kB │ gzip:   0.30 kB
dist/server/rsc/assets/__root-sQEk7vWz.js                      0.86 kB │ gzip:   0.47 kB
dist/server/rsc/assets/TopicsContent-Brtf3H0h.js               0.93 kB │ gzip:   0.47 kB
dist/server/rsc/assets/TopicContent-qsiU_PSp.js                0.94 kB │ gzip:   0.47 kB
dist/server/rsc/assets/serverAction-TQXVyuXR.js                0.95 kB │ gzip:   0.54 kB
dist/server/rsc/assets/MemoHistoryContent-Dp3xnb0R.js          1.00 kB │ gzip:   0.48 kB
dist/server/rsc/assets/TrashContent-UD-Jb0bW.js                1.03 kB │ gzip:   0.51 kB
dist/server/rsc/assets/AiConsentContent-Cy2VuJ0J.js            1.04 kB │ gzip:   0.49 kB
dist/server/rsc/assets/TimelineContent-2b_jV13C.js             1.05 kB │ gzip:   0.52 kB
dist/server/rsc/assets/fogTimelineSchema-BDUlEiau.js           1.18 kB │ gzip:   0.56 kB
dist/server/rsc/assets/SearchContent-QSNQNbpF.js               1.24 kB │ gzip:   0.61 kB
dist/server/rsc/assets/SettingsContent-BNpXUkq8.js             1.25 kB │ gzip:   0.58 kB
dist/server/rsc/assets/containerStore-ptY7hdaA.js              1.43 kB │ gzip:   0.70 kB
dist/server/rsc/assets/fogAuth-CP8ca1V3.js                     1.57 kB │ gzip:   0.76 kB
dist/server/rsc/assets/jsx-runtime.react-server-BH0F33mO.js    1.90 kB │ gzip:   0.86 kB
dist/server/rsc/assets/ResetCompleteContent-COV9GQLL.js        2.35 kB │ gzip:   0.99 kB
dist/server/rsc/assets/fogAccountViews-BtKkQtFu.js             2.53 kB │ gzip:   1.08 kB
dist/server/rsc/assets/link-cRN1Yb09.js                        2.95 kB │ gzip:   1.24 kB
dist/server/rsc/assets/fogAiSchema-BGkvd0tc.js                 3.19 kB │ gzip:   1.03 kB
dist/server/rsc/assets/fogSecurity-DcimR8kR.js                 3.78 kB │ gzip:   1.79 kB
dist/server/rsc/assets/fogAiActions-BPwQb8MY.js                4.35 kB │ gzip:   1.43 kB
dist/server/rsc/assets/fogMemoActions-BpaBhYXZ.js              5.76 kB │ gzip:   1.65 kB
dist/server/rsc/assets/fogActions-CGD-empR.js                  6.23 kB │ gzip:   1.76 kB
dist/server/rsc/assets/fogAccountActions-nVtshmb6.js           6.97 kB │ gzip:   1.60 kB
dist/server/rsc/assets/index.rsc-Dq1Vcz_L.js                   7.21 kB │ gzip:   2.32 kB
dist/server/rsc/assets/fogDataActions-BpHPBabc.js             10.59 kB │ gzip:   2.38 kB
dist/server/rsc/assets/fogDocumentActions-Bc9C1KtW.js         11.41 kB │ gzip:   2.41 kB
dist/server/rsc/index.js                                      12.46 kB │ gzip:   3.48 kB
dist/server/rsc/assets/fogMemoActions-DHkCiuyr.js             12.84 kB │ gzip:   3.36 kB
dist/server/rsc/assets/server.rsc-DUdmjYrg.js                 13.13 kB │ gzip:   4.07 kB
dist/server/rsc/assets/validator-BY-cHgna.js                  19.52 kB │ gzip:   5.54 kB
dist/server/rsc/assets/rsc-BaaugNvh.js                       134.36 kB │ gzip:  28.58 kB
dist/server/rsc/assets/router-P6OdO2sj.js                    185.72 kB │ gzip:  42.10 kB
dist/server/rsc/assets/DocumentContent-tFptYiJT.js           461.24 kB │ gzip: 101.96 kB

✓ built in 470ms
[4/5] build client environment...
vite v8.0.12 building client environment for production...
[2Ktransforming...✓ 613 modules transformed.
rendering chunks...
computing gzip size...
dist/client/assets/index-VyfyzmJ6.css                           34.33 kB │ gzip:  7.29 kB
dist/client/assets/index-VyfyzmJ6.css                           34.33 kB │ gzip:  7.29 kB
dist/client/assets/link-DdjbwhXf.js                              0.08 kB │ gzip:  0.09 kB
dist/client/assets/password.forgot-DhxRUlfz.js                   0.15 kB │ gzip:  0.14 kB
dist/client/assets/Brand-m51eF5vu.js                             0.16 kB │ gzip:  0.16 kB
dist/client/assets/ResetCompleteContent-cvxNTXTb.js              0.16 kB │ gzip:  0.14 kB
dist/client/assets/useRouter-CNW7yLLS.js                         0.23 kB │ gzip:  0.18 kB
dist/client/assets/password.reset-I3T-h1_O.js                    0.24 kB │ gzip:  0.19 kB
dist/client/assets/ClientSlot-Z_qg8UJh.js                        0.25 kB │ gzip:  0.19 kB
dist/client/assets/login-BLhAjwhO.js                             0.31 kB │ gzip:  0.23 kB
dist/client/assets/signup-Cs2d9Ljw.js                            0.31 kB │ gzip:  0.23 kB
dist/client/assets/timeline-BPY6aj6Z.js                          0.43 kB │ gzip:  0.31 kB
dist/client/assets/memos._memoId.history-BmiWYIlB.js             0.44 kB │ gzip:  0.33 kB
dist/client/assets/useServerFn-Bu4TXCJJ.js                       0.45 kB │ gzip:  0.31 kB
dist/client/assets/fogAiActions-CD17egrI.js                      0.45 kB │ gzip:  0.30 kB
dist/client/assets/timeline-CgSxSzqM.js                          0.46 kB │ gzip:  0.30 kB
dist/client/assets/search-4ki9IEQI.js                            0.48 kB │ gzip:  0.32 kB
dist/client/assets/TimelineSkeleton-CYBh4fAG.js                  0.48 kB │ gzip:  0.29 kB
dist/client/assets/trash-BX8NWtTQ.js                             0.48 kB │ gzip:  0.33 kB
dist/client/assets/topics.index-1LT7C_XL.js                      0.48 kB │ gzip:  0.33 kB
dist/client/assets/memos._memoId.history-DTJCIsk3.js             0.49 kB │ gzip:  0.33 kB
dist/client/assets/password.reset-complete-DHiRVJrf.js           0.49 kB │ gzip:  0.34 kB
dist/client/assets/ai.authorize-hco_Nk4k.js                      0.50 kB │ gzip:  0.35 kB
dist/client/assets/topics._topicId-HYR6F9jf.js                   0.50 kB │ gzip:  0.34 kB
dist/client/assets/documents._documentId-AUfcCcqk.js             0.51 kB │ gzip:  0.35 kB
dist/client/assets/ai.authorize-ruuJmL5_.js                      0.54 kB │ gzip:  0.38 kB
dist/client/assets/ConfirmDialog-Q3aOhChr.js                     0.55 kB │ gzip:  0.38 kB
dist/client/assets/topics._topicId_.new-DZnHsFpj.js              0.57 kB │ gzip:  0.39 kB
dist/client/assets/fogSecurity-CmUV3dyk.js                       0.57 kB │ gzip:  0.39 kB
dist/client/assets/documents._documentId_.edit-OAJ6GEd1.js       0.58 kB │ gzip:  0.40 kB
dist/client/assets/documents._documentId_.history-fDHCz5N6.js    0.58 kB │ gzip:  0.39 kB
dist/client/assets/settings-DdLK0VH2.js                          0.58 kB │ gzip:  0.37 kB
dist/client/assets/MemoHistoryContent-MDa25Njx.js                0.64 kB │ gzip:  0.41 kB
dist/client/assets/fogMemoActions-C5H-Utad.js                    0.69 kB │ gzip:  0.39 kB
dist/client/assets/router-DPvm4tOE.js                            0.72 kB │ gzip:  0.42 kB
dist/client/assets/AccountNotice-1U69wW-J.js                     0.77 kB │ gzip:  0.50 kB
dist/client/assets/GoogleButton-Ck5VQjJW.js                      0.79 kB │ gzip:  0.55 kB
dist/client/assets/fogActions-DaYz4p8U.js                        0.82 kB │ gzip:  0.43 kB
dist/client/assets/useNavigate-Dwj6-qLS.js                       0.82 kB │ gzip:  0.47 kB
dist/client/assets/fogAccountActions-A1HhQFvm.js                 0.94 kB │ gzip:  0.48 kB
dist/client/assets/jsx-runtime-BE_tW6Ee.js                       1.06 kB │ gzip:  0.60 kB
dist/client/assets/fogDataActions-n82s88e_.js                    1.30 kB │ gzip:  0.60 kB
dist/client/assets/ContentDeletion-DpoLQvvc.js                   1.36 kB │ gzip:  0.78 kB
dist/client/assets/fogDocumentActions-mP2hGftp.js                1.42 kB │ gzip:  0.65 kB
dist/client/assets/errorDisplay-Cc4_OW79.js                      2.50 kB │ gzip:  1.15 kB
dist/client/assets/AiConsentContent-DDMxdEM9.js                  2.53 kB │ gzip:  1.39 kB
dist/client/assets/PasswordRecoveryForm-CfRcby-1.js              2.63 kB │ gzip:  1.26 kB
dist/client/assets/AuthForm-Bd-mq2xi.js                          2.88 kB │ gzip:  1.38 kB
dist/client/assets/TopicsContent-x04x7q8Y.js                     3.06 kB │ gzip:  1.37 kB
dist/client/assets/SearchContent-Czs27Y-5.js                     3.44 kB │ gzip:  1.62 kB
dist/client/assets/react-dom-Dz4GVZtn.js                         3.57 kB │ gzip:  1.35 kB
dist/client/assets/Deferred-u_dtVl5_.js                          3.83 kB │ gzip:  1.38 kB
dist/client/assets/CredentialsPanel-CTN6WBid.js                  4.38 kB │ gzip:  1.71 kB
dist/client/assets/SettingsContent-Dr2m6v0P.js                   5.03 kB │ gzip:  2.10 kB
dist/client/assets/TopicContent-Dnpw2OU7.js                      5.18 kB │ gzip:  1.99 kB
dist/client/assets/preload-helper-D6aGb0Xd.js                    5.26 kB │ gzip:  1.97 kB
dist/client/assets/TrashContent-C85jJlfc.js                      5.91 kB │ gzip:  2.31 kB
dist/client/assets/DocumentContent-Nrq0o8Tn.js                   7.34 kB │ gzip:  2.87 kB
dist/client/assets/react-BL2tfwYF.js                             7.52 kB │ gzip:  2.88 kB
dist/client/assets/TimelineContent-BWI3fvBr.js                  10.12 kB │ gzip:  3.94 kB
dist/client/assets/RevisionHistory-6xukgN79.js                  12.37 kB │ gzip:  4.68 kB
dist/client/assets/link-BGq6raoC.js                             23.11 kB │ gzip:  8.62 kB
dist/client/assets/errorResponseMiddleware-C-UAScGB.js          36.55 kB │ gzip: 11.90 kB
dist/client/assets/schemas-B-ggFTd2.js                          67.40 kB │ gzip: 18.06 kB
dist/client/assets/Markdown-CaoazovD.js                        154.27 kB │ gzip: 46.04 kB
dist/client/assets/index-C7pS4pDA.js                           289.88 kB │ gzip: 90.66 kB

[33m[FILE_NAME_CONFLICT] Warning:[0m The emitted file assets/index-VyfyzmJ6.css overwrites a previously emitted file of the same name.

✓ built in 456ms
[5/5] build ssr environment...
vite v8.0.12 building ssr environment for production...
[2Ktransforming...✓ 806 modules transformed.
rendering chunks...
computing gzip size...
dist/server/assets/link-DtGOQuqo.js                                  0.34 kB │ gzip:   0.24 kB
dist/server/assets/Brand-BBDKopvi.js                                 0.34 kB │ gzip:   0.25 kB
dist/server/assets/ResetCompleteContent-CD405VFZ.js                  0.36 kB │ gzip:   0.23 kB
dist/server/assets/password.forgot-D8ywWXDm.js                       0.41 kB │ gzip:   0.24 kB
dist/server/assets/password.reset-CiFWM3SS.js                        0.50 kB │ gzip:   0.28 kB
dist/server/assets/login-DGHqzA1p.js                                 0.56 kB │ gzip:   0.33 kB
dist/server/assets/signup-DJCVvAoS.js                                0.56 kB │ gzip:   0.33 kB
dist/server/assets/password.reset-BBX1Zzon.js                        0.62 kB │ gzip:   0.41 kB
dist/server/assets/createMiddleware-V-TAFDz3.js                      0.80 kB │ gzip:   0.32 kB
dist/server/assets/matchContext-Dgl7_5fn.js                          0.84 kB │ gzip:   0.43 kB
dist/server/assets/async-local-storage-D9WUqYdA.js                   0.89 kB │ gzip:   0.45 kB
dist/server/assets/timeline--SldBwII.js                              0.89 kB │ gzip:   0.44 kB
dist/server/assets/memos._memoId.history-DQbWxz6s.js                 0.91 kB │ gzip:   0.48 kB
dist/server/assets/trash-nrB5dtcf.js                                 0.93 kB │ gzip:   0.52 kB
dist/server/assets/topics.index-DdTBRMhR.js                          0.96 kB │ gzip:   0.53 kB
dist/server/assets/useServerFn-DKSvtbhN.js                           0.98 kB │ gzip:   0.54 kB
dist/server/assets/login-C0T6GZ7b.js                                 0.99 kB │ gzip:   0.53 kB
dist/server/assets/signup-DcZNHQlK.js                                1.00 kB │ gzip:   0.55 kB
dist/server/assets/topics._topicId-DpIzxs3g.js                       1.00 kB │ gzip:   0.56 kB
dist/server/assets/TimelineSkeleton-BC48O9sJ.js                      1.01 kB │ gzip:   0.42 kB
dist/server/assets/ClientSlot-DzVxL9o7.js                            1.01 kB │ gzip:   0.45 kB
dist/server/assets/timeline-e1Oui0sG.js                              1.02 kB │ gzip:   0.45 kB
dist/server/assets/search-HZYjpbaf.js                                1.03 kB │ gzip:   0.48 kB
dist/server/assets/trash-DhSv9STp.js                                 1.03 kB │ gzip:   0.48 kB
dist/server/assets/settings-DhHzU6y6.js                              1.05 kB │ gzip:   0.57 kB
dist/server/assets/useRouter-Judwa1m-.js                             1.05 kB │ gzip:   0.49 kB
dist/server/assets/topics.index-Durchz4b.js                          1.05 kB │ gzip:   0.49 kB
dist/server/assets/documents._documentId-DVIKVugy.js                 1.05 kB │ gzip:   0.57 kB
dist/server/assets/topics._topicId_.new-m_TBw2cr.js                  1.06 kB │ gzip:   0.59 kB
dist/server/assets/search-CXZc6j3m.js                                1.06 kB │ gzip:   0.56 kB
dist/server/assets/ai.authorize-CVjiGFjb.js                          1.06 kB │ gzip:   0.54 kB
dist/server/assets/ai.authorize-xhy-CgWZ.js                          1.07 kB │ gzip:   0.52 kB
dist/server/assets/memos._memoId.history-ekylBoFn.js                 1.07 kB │ gzip:   0.51 kB
dist/server/assets/password.reset-complete-Ci5gXeqS.js               1.07 kB │ gzip:   0.51 kB
dist/server/assets/topics._topicId-XH3aCJgW.js                       1.08 kB │ gzip:   0.51 kB
dist/server/assets/documents._documentId_.edit-D6UgJmwD.js           1.08 kB │ gzip:   0.60 kB
dist/server/assets/AccountNotice-WocJMdYD.js                         1.08 kB │ gzip:   0.63 kB
dist/server/assets/documents._documentId_.history-DJSg_pxV.js        1.09 kB │ gzip:   0.60 kB
dist/server/assets/documents._documentId-BArIExT5.js                 1.10 kB │ gzip:   0.52 kB
dist/server/assets/ConfirmDialog-7fL7hWiR.js                         1.14 kB │ gzip:   0.57 kB
dist/server/assets/topics._topicId_.new-DA-ofPO_.js                  1.17 kB │ gzip:   0.56 kB
dist/server/assets/router-Bxu1RK-4.js                                1.19 kB │ gzip:   0.49 kB
dist/server/assets/documents._documentId_.edit-Ba9vN2wN.js           1.20 kB │ gzip:   0.57 kB
dist/server/assets/documents._documentId_.history-DwjORUne.js        1.20 kB │ gzip:   0.57 kB
dist/server/assets/memos._memoId.history-Cr_HLai_.js                 1.20 kB │ gzip:   0.60 kB
dist/server/assets/settings-aPhN5O3U.js                              1.22 kB │ gzip:   0.54 kB
dist/server/assets/fogTimelineSchema-CsNLI4kn.js                     1.23 kB │ gzip:   0.59 kB
dist/server/assets/MemoHistoryContent-AkwjU_HV.js                    1.24 kB │ gzip:   0.60 kB
dist/server/assets/timeline-xR8bWWe5.js                              1.26 kB │ gzip:   0.62 kB
dist/server/assets/fogAiActions-DssI_IFA.js                          1.30 kB │ gzip:   0.59 kB
dist/server/assets/ai.authorize-CbqaY74I.js                          1.34 kB │ gzip:   0.67 kB
dist/server/assets/password.reset-complete-l407Vkg0.js               1.44 kB │ gzip:   0.76 kB
dist/server/assets/ServerComponentTypes-DvlSg_Nq.js                  1.45 kB │ gzip:   0.63 kB
dist/server/assets/jsx-runtime-CavuxO_O.js                           1.47 kB │ gzip:   0.67 kB
dist/server/assets/start-DAuvsYQs.js                                 1.53 kB │ gzip:   0.62 kB
dist/server/assets/GoogleButton-_37KO4rY.js                          1.53 kB │ gzip:   0.76 kB
dist/server/assets/errorDisplay-DvJ6moA8.js                          1.79 kB │ gzip:   0.88 kB
dist/server/assets/fogMemoActions-8dfp0ISe.js                        1.89 kB │ gzip:   0.74 kB
dist/server/assets/fogActions-BLI0U8li.js                            2.00 kB │ gzip:   0.78 kB
dist/server/assets/errorResponseMiddleware-B2qA3onT.js               2.03 kB │ gzip:   0.86 kB
dist/server/assets/fogAccountActions-DR9dm0J8.js                     2.43 kB │ gzip:   0.84 kB
dist/server/assets/ContentDeletion-C0PNY68k.js                       2.54 kB │ gzip:   1.05 kB
dist/server/assets/useNavigate-DRrmljLC.js                           2.81 kB │ gzip:   1.10 kB
dist/server/assets/errorResponse-BhxB09UP.js                         3.45 kB │ gzip:   1.14 kB
dist/server/assets/fogDataActions-BiLlJ6TV.js                        3.70 kB │ gzip:   1.27 kB
dist/server/assets/fogDocumentActions-CnjS-3D2.js                    3.84 kB │ gzip:   1.25 kB
dist/server/assets/AiConsentContent-dfwuTxR-.js                      4.11 kB │ gzip:   1.73 kB
dist/server/assets/PasswordRecoveryForm-Doa1TTPX.js                  4.88 kB │ gzip:   1.65 kB
dist/server/assets/AuthForm-Btlr5kbm.js                              5.32 kB │ gzip:   1.76 kB
dist/server/assets/TopicsContent-DjQWnKbh.js                         5.98 kB │ gzip:   1.86 kB
dist/server/assets/SearchContent-D89sleoP.js                         6.53 kB │ gzip:   2.14 kB
dist/server/assets/_tanstack-start-manifest_v-BjDN7wJa.js            6.57 kB │ gzip:   1.21 kB
dist/server/assets/react-dom-1DiqNooV.js                             6.66 kB │ gzip:   1.95 kB
dist/server/assets/CredentialsPanel-DG9bXAhU.js                      8.33 kB │ gzip:   2.07 kB
dist/server/assets/RawStream-BGOOybZg.js                             8.40 kB │ gzip:   2.54 kB
dist/server/assets/Deferred-CNlRp5v-.js                              8.46 kB │ gzip:   2.48 kB
dist/server/assets/HeadContent-O1jds2Ti.js                           8.56 kB │ gzip:   2.63 kB
dist/server/assets/SettingsContent-BH7Bn4Sj.js                       9.39 kB │ gzip:   2.70 kB
dist/server/assets/atom-B2nt2W6-.js                                  9.66 kB │ gzip:   2.51 kB
dist/server/assets/TopicContent-CD5HqynR.js                         10.05 kB │ gzip:   2.63 kB
dist/server/assets/TrashContent-CGID-WhV.js                         10.48 kB │ gzip:   3.03 kB
dist/server/assets/lazyRouteComponent-BVKEeGpo.js                   13.57 kB │ gzip:   3.42 kB
dist/server/assets/DocumentContent-BFNQcfvM.js                      13.95 kB │ gzip:   3.74 kB
dist/server/assets/router-fGFblNp9.js                               15.46 kB │ gzip:   4.86 kB
dist/server/assets/react-BrXot3FW.js                                15.66 kB │ gzip:   4.29 kB
dist/server/assets/link-D9jrjjJU.js                                 16.10 kB │ gzip:   4.45 kB
dist/server/assets/TimelineContent-BVY_1xmf.js                      19.74 kB │ gzip:   5.20 kB
dist/server/assets/RevisionHistory-D8_ZnLCm.js                      28.23 kB │ gzip:   7.33 kB
dist/server/assets/request-response-lYgUKD5d.js                     35.27 kB │ gzip:   9.76 kB
dist/server/assets/transformer-CuJNPZTM.js                          48.59 kB │ gzip:  12.54 kB
dist/server/assets/useStore-BBXVmrPQ.js                             52.13 kB │ gzip:  14.03 kB
dist/server/assets/__23tanstack-start-plugin-adapters-C_kpndWU.js   78.22 kB │ gzip:  17.88 kB
dist/server/assets/Match-TbRmbsDB.js                               107.69 kB │ gzip:  25.46 kB
dist/server/assets/validator-CbfkkTwm.js                           133.19 kB │ gzip:  26.38 kB
dist/server/assets/server-D5_VRBRR.js                              527.27 kB │ gzip: 107.08 kB
dist/server/server.node.js                                         537.71 kB │ gzip: 131.52 kB
dist/server/assets/Markdown-Bb1tpkMB.js                            584.32 kB │ gzip: 124.32 kB

✓ built in 462ms
