$ pnpm --filter @repo/web build
$ pnpm build:node
$ vite build --config vite.config.node.ts
[1/5] analyze client references...
vite v8.0.12 building rsc environment for production...
[2Ktransforming...✓ 16 modules transformed.
rendering chunks...
✓ built in 50ms
[2/5] analyze server references...
vite v8.0.12 building ssr environment for production...
[2Ktransforming...✓ 503 modules transformed.
rendering chunks...
✓ built in 497ms
[3/5] build rsc environment...
vite v8.0.12 building rsc environment for production...
[2Ktransforming...✓ 427 modules transformed.
rendering chunks...
computing gzip size...
dist/server/rsc/assets/index-VyfyzmJ6.css                     34.33 kB │ gzip:   7.29 kB
dist/server/rsc/assets/fogDataSchema-CC4Guiuh.js               0.39 kB │ gzip:   0.25 kB
dist/server/rsc/assets/runtime-D3z5Vobr.js                     0.40 kB │ gzip:   0.24 kB
dist/server/rsc/assets/createServerRpc-CpZuLN69.js             0.45 kB │ gzip:   0.30 kB
dist/server/rsc/assets/__root-D_SxHwdY.js                      0.86 kB │ gzip:   0.47 kB
dist/server/rsc/assets/TopicsContent-BAYUSNhD.js               0.93 kB │ gzip:   0.46 kB
dist/server/rsc/assets/TopicContent-DO1B1ru2.js                0.94 kB │ gzip:   0.47 kB
dist/server/rsc/assets/serverAction-BIN5AnQl.js                0.95 kB │ gzip:   0.54 kB
dist/server/rsc/assets/MemoHistoryContent-Dp3xnb0R.js          1.00 kB │ gzip:   0.48 kB
dist/server/rsc/assets/TrashContent-GkdvDCL6.js                1.03 kB │ gzip:   0.51 kB
dist/server/rsc/assets/AiConsentContent-DacmHvzO.js            1.04 kB │ gzip:   0.49 kB
dist/server/rsc/assets/TimelineContent-NWyD3FyO.js             1.05 kB │ gzip:   0.52 kB
dist/server/rsc/assets/SettingsContent-6hBAbTGY.js             1.06 kB │ gzip:   0.52 kB
dist/server/rsc/assets/fogTimelineSchema-Dp0eFK4Q.js           1.18 kB │ gzip:   0.56 kB
dist/server/rsc/assets/SearchContent-C-Jw68md.js               1.24 kB │ gzip:   0.61 kB
dist/server/rsc/assets/containerStore-Bhm_X8xo.js              1.53 kB │ gzip:   0.73 kB
dist/server/rsc/assets/fogAuth-k6GiTXZZ.js                     1.56 kB │ gzip:   0.75 kB
dist/server/rsc/assets/jsx-runtime.react-server-BH0F33mO.js    1.90 kB │ gzip:   0.86 kB
dist/server/rsc/assets/link-cRN1Yb09.js                        2.95 kB │ gzip:   1.24 kB
dist/server/rsc/assets/fogAiSchema-CGPJTEae.js                 3.19 kB │ gzip:   1.03 kB
dist/server/rsc/assets/fogSecurity-BtktfxUL.js                 3.63 kB │ gzip:   1.77 kB
dist/server/rsc/assets/fogAiActions-CjAA4yrl.js                4.35 kB │ gzip:   1.44 kB
dist/server/rsc/assets/fogMemoActions-UuAFmOgn.js              5.76 kB │ gzip:   1.65 kB
dist/server/rsc/assets/fogActions-DlX8i3Ga.js                  6.23 kB │ gzip:   1.76 kB
dist/server/rsc/assets/index.rsc-DS2QZ3bK.js                   7.20 kB │ gzip:   2.31 kB
dist/server/rsc/assets/fogDataActions-BMNr5hTD.js             10.59 kB │ gzip:   2.38 kB
dist/server/rsc/index.js                                      10.59 kB │ gzip:   3.04 kB
dist/server/rsc/assets/fogMemoActions-DGpoXwFL.js             10.63 kB │ gzip:   2.93 kB
dist/server/rsc/assets/fogDocumentActions-CjFPdBh0.js         11.41 kB │ gzip:   2.41 kB
dist/server/rsc/assets/error-CTFFtziS.js                      13.20 kB │ gzip:   4.09 kB
dist/server/rsc/assets/validator-Bcia0DMM.js                  19.47 kB │ gzip:   5.52 kB
dist/server/rsc/assets/rsc-BaaugNvh.js                       134.36 kB │ gzip:  28.58 kB
dist/server/rsc/assets/router-DvDSF-NE.js                    181.34 kB │ gzip:  41.31 kB
dist/server/rsc/assets/DocumentContent-BUWVnbl0.js           461.24 kB │ gzip: 101.96 kB

✓ built in 572ms
[4/5] build client environment...
vite v8.0.12 building client environment for production...
[2Ktransforming...✓ 599 modules transformed.
rendering chunks...
computing gzip size...
dist/client/assets/index-VyfyzmJ6.css                           34.33 kB │ gzip:  7.29 kB
dist/client/assets/index-VyfyzmJ6.css                           34.33 kB │ gzip:  7.29 kB
dist/client/assets/link-C1QeXjkp.js                              0.08 kB │ gzip:  0.09 kB
dist/client/assets/Brand-CbOcDqD1.js                             0.16 kB │ gzip:  0.16 kB
dist/client/assets/useRouter-CNW7yLLS.js                         0.23 kB │ gzip:  0.18 kB
dist/client/assets/login-BacudYJ-.js                             0.25 kB │ gzip:  0.20 kB
dist/client/assets/signup-CWzFlz2e.js                            0.25 kB │ gzip:  0.20 kB
dist/client/assets/ClientSlot-CRp8TgMJ.js                        0.25 kB │ gzip:  0.19 kB
dist/client/assets/timeline-BZ4cBIQW.js                          0.43 kB │ gzip:  0.31 kB
dist/client/assets/memos._memoId.history-BrmAIIJT.js             0.44 kB │ gzip:  0.33 kB
dist/client/assets/useServerFn-Bu4TXCJJ.js                       0.45 kB │ gzip:  0.31 kB
dist/client/assets/fogAiActions-D7AwurPG.js                      0.45 kB │ gzip:  0.30 kB
dist/client/assets/timeline-DXTSkIsT.js                          0.46 kB │ gzip:  0.30 kB
dist/client/assets/search-D_5RhMba.js                            0.48 kB │ gzip:  0.32 kB
dist/client/assets/settings-qrnyl_AH.js                          0.48 kB │ gzip:  0.32 kB
dist/client/assets/TimelineSkeleton-r-PPUUr1.js                  0.48 kB │ gzip:  0.29 kB
dist/client/assets/trash-DHkiB_xo.js                             0.48 kB │ gzip:  0.33 kB
dist/client/assets/topics.index-BccKiC94.js                      0.48 kB │ gzip:  0.33 kB
dist/client/assets/memos._memoId.history-BymaMDVu.js             0.49 kB │ gzip:  0.33 kB
dist/client/assets/ai.authorize-CcjXXavP.js                      0.50 kB │ gzip:  0.35 kB
dist/client/assets/topics._topicId-D-VUarOY.js                   0.50 kB │ gzip:  0.34 kB
dist/client/assets/documents._documentId-tuEZNoTq.js             0.51 kB │ gzip:  0.35 kB
dist/client/assets/ai.authorize-D1gl8jEN.js                      0.54 kB │ gzip:  0.38 kB
dist/client/assets/ConfirmDialog-DVdFCTEy.js                     0.55 kB │ gzip:  0.38 kB
dist/client/assets/topics._topicId_.new-DiKhvUeM.js              0.57 kB │ gzip:  0.39 kB
dist/client/assets/documents._documentId_.edit-shUNkSOk.js       0.58 kB │ gzip:  0.39 kB
dist/client/assets/documents._documentId_.history-D5utBKkc.js    0.58 kB │ gzip:  0.39 kB
dist/client/assets/router-Ba8fNZBf.js                            0.61 kB │ gzip:  0.38 kB
dist/client/assets/MemoHistoryContent-CrXG6j3K.js                0.64 kB │ gzip:  0.41 kB
dist/client/assets/fogMemoActions-aAARU4vr.js                    0.69 kB │ gzip:  0.39 kB
dist/client/assets/fogActions-CBABVLl4.js                        0.82 kB │ gzip:  0.43 kB
dist/client/assets/jsx-runtime-BE_tW6Ee.js                       1.06 kB │ gzip:  0.60 kB
dist/client/assets/fogDataActions-rEv_A5c_.js                    1.30 kB │ gzip:  0.60 kB
dist/client/assets/ContentDeletion-Nsw_JNui.js                   1.36 kB │ gzip:  0.78 kB
dist/client/assets/fogSecurity-CCsOVMKf.js                       1.39 kB │ gzip:  0.79 kB
dist/client/assets/fogDocumentActions-CEVpCUNu.js                1.42 kB │ gzip:  0.65 kB
dist/client/assets/errorDisplay-Cc4_OW79.js                      2.50 kB │ gzip:  1.15 kB
dist/client/assets/AiConsentContent-Du8HunFj.js                  2.53 kB │ gzip:  1.39 kB
dist/client/assets/AuthForm-B178yHQH.js                          2.60 kB │ gzip:  1.26 kB
dist/client/assets/TopicsContent--eUyY1-F.js                     3.06 kB │ gzip:  1.37 kB
dist/client/assets/SearchContent-B7tsWf5j.js                     3.44 kB │ gzip:  1.62 kB
dist/client/assets/react-dom-Dz4GVZtn.js                         3.57 kB │ gzip:  1.35 kB
dist/client/assets/Deferred-DJHcPOLK.js                          3.83 kB │ gzip:  1.38 kB
dist/client/assets/SettingsContent-CsHRuMdo.js                   5.05 kB │ gzip:  2.29 kB
dist/client/assets/TopicContent-DZkDfp1q.js                      5.18 kB │ gzip:  1.99 kB
dist/client/assets/preload-helper-C7NTRyU-.js                    5.26 kB │ gzip:  1.98 kB
dist/client/assets/TrashContent-RLNSo3pI.js                      5.91 kB │ gzip:  2.31 kB
dist/client/assets/DocumentContent-VTcjIZE7.js                   7.34 kB │ gzip:  2.87 kB
dist/client/assets/react-BL2tfwYF.js                             7.52 kB │ gzip:  2.88 kB
dist/client/assets/TimelineContent-Dgz1AJn_.js                  10.12 kB │ gzip:  3.94 kB
dist/client/assets/RevisionHistory-B80fqQcU.js                  12.37 kB │ gzip:  4.68 kB
dist/client/assets/link-BGq6raoC.js                             23.11 kB │ gzip:  8.62 kB
dist/client/assets/errorResponseMiddleware-C-UAScGB.js          36.55 kB │ gzip: 11.90 kB
dist/client/assets/schemas-BaWvuTqa.js                          67.40 kB │ gzip: 18.06 kB
dist/client/assets/Markdown-TrVd9kw3.js                        154.27 kB │ gzip: 46.04 kB
dist/client/assets/index-DjtLlgeT.js                           287.07 kB │ gzip: 90.01 kB

[33m[FILE_NAME_CONFLICT] Warning:[0m The emitted file assets/index-VyfyzmJ6.css overwrites a previously emitted file of the same name.

✓ built in 702ms
[5/5] build ssr environment...
vite v8.0.12 building ssr environment for production...
[2Ktransforming...✓ 812 modules transformed.
rendering chunks...
computing gzip size...
dist/server/assets/link-DpCQoef2.js                                  0.34 kB │ gzip:   0.24 kB
dist/server/assets/Brand-7kku0pIs.js                                 0.34 kB │ gzip:   0.25 kB
dist/server/assets/login-TJlpeM0h.js                                 0.47 kB │ gzip:   0.29 kB
dist/server/assets/signup-C3TTvJTI.js                                0.47 kB │ gzip:   0.29 kB
dist/server/assets/login-CAWTHJ-_.js                                 0.80 kB │ gzip:   0.47 kB
dist/server/assets/createMiddleware-V-TAFDz3.js                      0.80 kB │ gzip:   0.32 kB
dist/server/assets/signup-C2ElkOnd.js                                0.81 kB │ gzip:   0.49 kB
dist/server/assets/matchContext-C79lRJpm.js                          0.84 kB │ gzip:   0.43 kB
dist/server/assets/async-local-storage-D9WUqYdA.js                   0.89 kB │ gzip:   0.45 kB
dist/server/assets/timeline-9MPqB_fc.js                              0.89 kB │ gzip:   0.44 kB
dist/server/assets/memos._memoId.history-CN8OQIpM.js                 0.91 kB │ gzip:   0.48 kB
dist/server/assets/trash-cEI1X60r.js                                 0.94 kB │ gzip:   0.53 kB
dist/server/assets/settings-m-Ky0hEJ.js                              0.95 kB │ gzip:   0.53 kB
dist/server/assets/topics.index-CUuf6spN.js                          0.97 kB │ gzip:   0.54 kB
dist/server/assets/useServerFn-BMoFugYT.js                           0.98 kB │ gzip:   0.54 kB
dist/server/assets/topics._topicId-Dolu60lL.js                       1.01 kB │ gzip:   0.56 kB
dist/server/assets/TimelineSkeleton-CvDMUF_B.js                      1.01 kB │ gzip:   0.42 kB
dist/server/assets/ClientSlot-Dx-HpzCf.js                            1.01 kB │ gzip:   0.44 kB
dist/server/assets/timeline-DgBqJWXM.js                              1.02 kB │ gzip:   0.45 kB
dist/server/assets/search-CD6OeMHp.js                                1.03 kB │ gzip:   0.48 kB
dist/server/assets/router-CggFGBte.js                                1.03 kB │ gzip:   0.46 kB
dist/server/assets/trash-DG70EFRs.js                                 1.03 kB │ gzip:   0.49 kB
dist/server/assets/settings-CIgWnTNs.js                              1.04 kB │ gzip:   0.48 kB
dist/server/assets/useRouter-C7ETbsbG.js                             1.05 kB │ gzip:   0.49 kB
dist/server/assets/topics.index-DlzYsKel.js                          1.05 kB │ gzip:   0.49 kB
dist/server/assets/documents._documentId-LNEW1IYE.js                 1.06 kB │ gzip:   0.58 kB
dist/server/assets/ai.authorize-CwZjbVww.js                          1.06 kB │ gzip:   0.54 kB
dist/server/assets/topics._topicId_.new-Dydtzq2Q.js                  1.06 kB │ gzip:   0.60 kB
dist/server/assets/ai.authorize-DRo0LS0S.js                          1.07 kB │ gzip:   0.52 kB
dist/server/assets/search-DOqcyQeE.js                                1.07 kB │ gzip:   0.57 kB
dist/server/assets/memos._memoId.history-CT2tFpEe.js                 1.07 kB │ gzip:   0.51 kB
dist/server/assets/topics._topicId-CgNtOWqu.js                       1.08 kB │ gzip:   0.51 kB
dist/server/assets/documents._documentId_.edit-Bf--PVzh.js           1.09 kB │ gzip:   0.61 kB
dist/server/assets/documents._documentId-BflKvK8C.js                 1.10 kB │ gzip:   0.52 kB
dist/server/assets/documents._documentId_.history-tTg0ho-y.js        1.10 kB │ gzip:   0.61 kB
dist/server/assets/ConfirmDialog-CQFraOZb.js                         1.14 kB │ gzip:   0.57 kB
dist/server/assets/topics._topicId_.new-CHt5ek9B.js                  1.17 kB │ gzip:   0.56 kB
dist/server/assets/documents._documentId_.edit-B9s5iUsO.js           1.20 kB │ gzip:   0.57 kB
dist/server/assets/documents._documentId_.history-Ddz1GFuI.js        1.20 kB │ gzip:   0.57 kB
dist/server/assets/memos._memoId.history-Cyejoa4G.js                 1.21 kB │ gzip:   0.61 kB
dist/server/assets/fogTimelineSchema-Br-TxnIM.js                     1.23 kB │ gzip:   0.59 kB
dist/server/assets/MemoHistoryContent-CC8fmAjz.js                    1.24 kB │ gzip:   0.60 kB
dist/server/assets/timeline-BmmTq2KG.js                              1.27 kB │ gzip:   0.63 kB
dist/server/assets/fogAiActions-Cpx5W-kx.js                          1.30 kB │ gzip:   0.59 kB
dist/server/assets/ai.authorize-CyR7w1wO.js                          1.38 kB │ gzip:   0.70 kB
dist/server/assets/ServerComponentTypes-DvlSg_Nq.js                  1.45 kB │ gzip:   0.63 kB
dist/server/assets/jsx-runtime--Ua_ff2w.js                           1.47 kB │ gzip:   0.66 kB
dist/server/assets/start-NE0QIMZV.js                                 1.53 kB │ gzip:   0.62 kB
dist/server/assets/errorDisplay-DvJ6moA8.js                          1.79 kB │ gzip:   0.88 kB
dist/server/assets/fogMemoActions-kZiGctLv.js                        1.89 kB │ gzip:   0.74 kB
dist/server/assets/fogActions-CYJGNedt.js                            2.00 kB │ gzip:   0.78 kB
dist/server/assets/errorResponseMiddleware-ydEFSaFy.js               2.03 kB │ gzip:   0.86 kB
dist/server/assets/ContentDeletion-DZrUTGen.js                       2.54 kB │ gzip:   1.06 kB
dist/server/assets/errorResponse-BhxB09UP.js                         3.45 kB │ gzip:   1.14 kB
dist/server/assets/fogSecurity-BONKf-QY.js                           3.45 kB │ gzip:   1.39 kB
dist/server/assets/fogDataActions-BhncLtcF.js                        3.70 kB │ gzip:   1.27 kB
dist/server/assets/fogDocumentActions-C5Df1H9j.js                    3.84 kB │ gzip:   1.25 kB
dist/server/assets/AiConsentContent-BOxHSkfp.js                      4.11 kB │ gzip:   1.73 kB
dist/server/assets/AuthForm-BlNEtbAJ.js                              4.82 kB │ gzip:   1.64 kB
dist/server/assets/_tanstack-start-manifest_v-CjL31sxW.js            5.52 kB │ gzip:   1.04 kB
dist/server/assets/TopicsContent-Bu5pcJJD.js                         5.98 kB │ gzip:   1.86 kB
dist/server/assets/SearchContent-CArSXFLz.js                         6.53 kB │ gzip:   2.13 kB
dist/server/assets/react-dom-cuBWxt4G.js                             6.66 kB │ gzip:   1.95 kB
dist/server/assets/RawStream-BGOOybZg.js                             8.40 kB │ gzip:   2.54 kB
dist/server/assets/Deferred-BKAPz9aL.js                              8.46 kB │ gzip:   2.48 kB
dist/server/assets/HeadContent-zpSE8nWC.js                           8.56 kB │ gzip:   2.63 kB
dist/server/assets/SettingsContent-CZYP5C0E.js                       9.41 kB │ gzip:   2.90 kB
dist/server/assets/atom-B2nt2W6-.js                                  9.66 kB │ gzip:   2.51 kB
dist/server/assets/TopicContent-COfvym8N.js                         10.05 kB │ gzip:   2.63 kB
dist/server/assets/TrashContent-BMcboLN_.js                         10.48 kB │ gzip:   3.03 kB
dist/server/assets/lazyRouteComponent-lWIzJP2_.js                   13.57 kB │ gzip:   3.43 kB
dist/server/assets/DocumentContent-Dc9wiJL1.js                      13.95 kB │ gzip:   3.74 kB
dist/server/assets/router-3nh5tIVg.js                               14.38 kB │ gzip:   4.57 kB
dist/server/assets/react-Bt67GPo8.js                                15.66 kB │ gzip:   4.29 kB
dist/server/assets/link-B6BCr47G.js                                 16.10 kB │ gzip:   4.45 kB
dist/server/assets/TimelineContent-C6LSXqCc.js                      19.74 kB │ gzip:   5.20 kB
dist/server/assets/RevisionHistory-CeV4oP3T.js                      28.23 kB │ gzip:   7.33 kB
dist/server/assets/request-response-BEQO2Epz.js                     35.23 kB │ gzip:   9.76 kB
dist/server/assets/transformer-CuJNPZTM.js                          48.59 kB │ gzip:  12.54 kB
dist/server/assets/useStore-aq5698Jc.js                             52.13 kB │ gzip:  14.03 kB
dist/server/assets/__23tanstack-start-plugin-adapters-CU6Xe7TH.js   77.88 kB │ gzip:  17.80 kB
dist/server/assets/Match-BxhhisFC.js                               107.69 kB │ gzip:  25.46 kB
dist/server/assets/validator-C1a5W1HZ.js                           132.02 kB │ gzip:  26.24 kB
dist/server/server.node.js                                         266.87 kB │ gzip:  59.76 kB
dist/server/assets/server-D1r4Eotp.js                              527.27 kB │ gzip: 107.08 kB
dist/server/assets/Markdown-DgmOqn59.js                            584.32 kB │ gzip: 124.32 kB

✓ built in 743ms
